
 RUN  v3.2.4 /Users/steinitz/Documents/Projects/Web/Chess/ChessHurdles/ChessHurdles

stderr | src/components/ChessGame/Analysis/GameAnalysis.test.tsx > GameAnalysis > allows depth adjustment via slider
An update to GameAnalysis inside a test was not wrapped in act(...).

When testing, code that causes React state updates should be wrapped into act(...):

act(() => {
  /* fire events that update state */
});
/* assert on the output */

This ensures that you're testing the behavior the user would see in the browser. Learn more at https://react.dev/link/wrap-tests-with-act

 ❯ src/components/ChessGame/Analysis/GameAnalysis.test.tsx (9 tests | 5 failed) 150ms
   × GameAnalysis > renders the component with initial state 70ms
     → Unable to find an accessible element with the role "button" and name "Analyze Entire Game"

Here are the accessible roles:

  heading:

  Name "Game Analysis":
  [36m<h3 />[39m

  --------------------------------------------------
  slider:

  Name "Analysis Depth used for "Analyze Entire Game": 8":
  [36m<input[39m
    [33mclass[39m=[32m"w-full h-2 bg-gray-200 rounded-lg appearance-none cursor-pointer"[39m
    [33mid[39m=[32m"depth-slider"[39m
    [33mmax[39m=[32m"34"[39m
    [33mmin[39m=[32m"1"[39m
    [33mtype[39m=[32m"range"[39m
    [33mvalue[39m=[32m"8"[39m
  [36m/>[39m

  --------------------------------------------------
  button:

  Name "Analyze Game":
  [36m<button[39m
    [33mclass[39m=[32m"btn-primary"[39m
  [36m/>[39m

  Name "Recalibrate Ideal Engine Depth":
  [36m<button />[39m

  Name "Show help":
  [36m<button[39m
    [33maria-label[39m=[32m"Show help"[39m
    [33mstyle[39m=[32m"background: rgb(224, 224, 224); color: rgb(85, 85, 85); border-radius: 50%; width: 18px; height: 18px; display: flex; align-items: center; justify-content: center; font-size: 12px; font-weight: bold; cursor: pointer; padding: 0px; line-height: 1;"[39m
    [33mtitle[39m=[32m"Click for help"[39m
  [36m/>[39m

  Name "Expand":
  [36m<button[39m
    [33mstyle[39m=[32m"padding: 2px 8px; font-size: 0.8rem; cursor: pointer; line-height: 1; white-space: nowrap;"[39m
    [33mtitle[39m=[32m"Toggle Full Height"[39m
  [36m/>[39m

  --------------------------------------------------

Ignored nodes: comments, script, style
[36m<body>[39m
  [36m<div>[39m
    [36m<div[39m
      [33mclass[39m=[32m"game-analysis-container"[39m
    [36m>[39m
      [36m<h3>[39m
        [0mGame Analysis[0m
      [36m</h3>[39m
      [36m<div[39m
        [33mclass[39m=[32m"analysis-controls mb-4"[39m
      [36m>[39m
        [36m<label[39m
          [33mclass[39m=[32m"block text-sm font-medium mb-1"[39m
          [33mfor[39m=[32m"depth-slider"[39m
        [36m>[39m
          [0mAnalysis Depth used for "Analyze Entire Game": [0m
          [0m8[0m
        [36m</label>[39m
        [36m<div[39m
          [33mclass[39m=[32m"flex items-center gap-4"[39m
        [36m>[39m
          [36m<input[39m
            [33mclass[39m=[32m"w-full h-2 bg-gray-200 rounded-lg appearance-none cursor-pointer"[39m
            [33mid[39m=[32m"depth-slider"[39m
            [33mmax[39m=[32m"34"[39m
            [33mmin[39m=[32m"1"[39m
            [33mtype[39m=[32m"range"[39m
            [33mvalue[39m=[32m"8"[39m
          [36m/>[39m
        [36m</div>[39m
      [36m</div>[39m
      [36m<div[39m
        [33mclass[39m=[32m"analysis-buttons"[39m
        [33mstyle[39m=[32m"display: flex; align-items: center; gap: 1rem; margin-bottom: 1rem; flex-wrap: nowrap;"[39m
      [36m>[39m
        [36m<button[39m
          [33mclass[39m=[32m"btn-primary"[39m
        [36m>[39m
          [0mAnalyze Game[0m
        [36m</button>[39m
        [36m<button>[39m
          [0mRecalibrate Ideal Engine Depth[0m
        [36m</button>[39m
        [36m<div[39m
          [33mclass[39m=[32m"help-tooltip-container"[39m
          [33mstyle[39m=[32m"display: inline-block; position: relative; margin-left: 8px; vertical-align: middle;"[39m
        [36m>[39m
          [36m<button[39m
            [33maria-label[39m=[32m"Show help"[39m
            [33mstyle[39m=[32m"background: rgb(224, 224, 224); color: rgb(85, 85, 85); border-radius: 50%; width: 18px; height: 18px; display: flex; align-items: center; justify-content: center; font-size: 12px; font-weight: bold; cursor: pointer; padding: 0px; line-height: 1;"[39m
            [33mtitle[39m=[32m"Click for help"[39m
          [36m>[39m
            [0m?[0m
          [36m</button>[39m
        [36m</div>[39m
      [36m</div>[39m
      [36m<div[39m
        [33mclass[39m=[32m"analysis-output"[39m
      [36m>[39m
        [36m<div[39m
          [33mdata-testid[39m=[32m"evaluation-graph"[39m
        [36m>[39m
          [0mGraph with [0m
          [0m0[0m
          [0m evaluations[0m
        [36m</div>[39m
        [36m<div[39m
          [33mstyle[39m=[32m"height: 1rem;"[39m
        [36m/>[39m
        [36m<div[39m
          [33mstyle[39m=[32m"display: flex; align-items: center; justify-content: space-between; margin-bottom: 0.5rem;"[39m
        [36m>[39m
          [36m<span[39m
            [33mstyle[39m=[32m"color: var(--color-text-secondary);"[39m
          [36m>[39m
            [0m0[0m
            [0m [0m
            [0minaccuracies[0m
            [0m found[0m
          [36m</span>[39m
          [36m<div[39m
            [33mstyle[39m=[32m"display: flex; align-items: center; gap: 1rem;"[39m
          [36m>[39m
            [36m<button[39m
              [33mstyle[39m=[32m"padding: 2px 8px; font-size: 0.8rem; cursor: pointer; line-height: 1; white-space: nowrap;"[39m
              [33mtitle[39m=[32m"Toggle Full Height"[39m
            [36m>[39m
              [0mExpand[0m
            [36m</button>[39m
          [36m</div>[39m
        [36m</div>[39m
        [36m<div[39m
          [33mstyle[39m=[32m"height: 300px; min-height: 150px; max-height: 80vh; overflow-y: auto; resize: vertical; border: 1px solid var(--color-border); border-radius: 4px; transition: height 0.2s ease-in-out;"[39m
        [36m>[39m
          [36m<div[39m
            [33mstyle[39m=[32m"display: flex; flex-direction: column; height: 100%;"[39m
          [36m>[39m
            [36m<div[39m
              [33mstyle[39m=[32m"padding: 16px; text-align: center; color: var(--color-text-secondary);"[39m
            [36m>[39m
              [0mNo analysis data available.[0m
            [36m</div>[39m
          [36m</div>[39m
        [36m</div>[39m
      [36m</div>[39m
    [36m</div>[39m
  [36m</div>[39m
[36m</body>[39m
   ✓ GameAnalysis > displays analysis depth controls 6ms
   ✓ GameAnalysis > shows evaluation graph placeholder when no evaluations exist 4ms
   × GameAnalysis > disables analyze button when game has no moves 18ms
     → Unable to find an accessible element with the role "button" and name "Analyze Entire Game"

Here are the accessible roles:

  heading:

  Name "Game Analysis":
  [36m<h3 />[39m

  --------------------------------------------------
  slider:

  Name "Analysis Depth used for "Analyze Entire Game": 8":
  [36m<input[39m
    [33mclass[39m=[32m"w-full h-2 bg-gray-200 rounded-lg appearance-none cursor-pointer"[39m
    [33mid[39m=[32m"depth-slider"[39m
    [33mmax[39m=[32m"34"[39m
    [33mmin[39m=[32m"1"[39m
    [33mtype[39m=[32m"range"[39m
    [33mvalue[39m=[32m"8"[39m
  [36m/>[39m

  --------------------------------------------------
  button:

  Name "Analyze Game":
  [36m<button[39m
    [33mclass[39m=[32m"btn-primary"[39m
  [36m/>[39m

  Name "Recalibrate Ideal Engine Depth":
  [36m<button />[39m

  Name "Show help":
  [36m<button[39m
    [33maria-label[39m=[32m"Show help"[39m
    [33mstyle[39m=[32m"background: rgb(224, 224, 224); color: rgb(85, 85, 85); border-radius: 50%; width: 18px; height: 18px; display: flex; align-items: center; justify-content: center; font-size: 12px; font-weight: bold; cursor: pointer; padding: 0px; line-height: 1;"[39m
    [33mtitle[39m=[32m"Click for help"[39m
  [36m/>[39m

  Name "Expand":
  [36m<button[39m
    [33mstyle[39m=[32m"padding: 2px 8px; font-size: 0.8rem; cursor: pointer; line-height: 1; white-space: nowrap;"[39m
    [33mtitle[39m=[32m"Toggle Full Height"[39m
  [36m/>[39m

  --------------------------------------------------

Ignored nodes: comments, script, style
[36m<body>[39m
  [36m<div>[39m
    [36m<div[39m
      [33mclass[39m=[32m"game-analysis-container"[39m
    [36m>[39m
      [36m<h3>[39m
        [0mGame Analysis[0m
      [36m</h3>[39m
      [36m<div[39m
        [33mclass[39m=[32m"analysis-controls mb-4"[39m
      [36m>[39m
        [36m<label[39m
          [33mclass[39m=[32m"block text-sm font-medium mb-1"[39m
          [33mfor[39m=[32m"depth-slider"[39m
        [36m>[39m
          [0mAnalysis Depth used for "Analyze Entire Game": [0m
          [0m8[0m
        [36m</label>[39m
        [36m<div[39m
          [33mclass[39m=[32m"flex items-center gap-4"[39m
        [36m>[39m
          [36m<input[39m
            [33mclass[39m=[32m"w-full h-2 bg-gray-200 rounded-lg appearance-none cursor-pointer"[39m
            [33mid[39m=[32m"depth-slider"[39m
            [33mmax[39m=[32m"34"[39m
            [33mmin[39m=[32m"1"[39m
            [33mtype[39m=[32m"range"[39m
            [33mvalue[39m=[32m"8"[39m
          [36m/>[39m
        [36m</div>[39m
      [36m</div>[39m
      [36m<div[39m
        [33mclass[39m=[32m"analysis-buttons"[39m
        [33mstyle[39m=[32m"display: flex; align-items: center; gap: 1rem; margin-bottom: 1rem; flex-wrap: nowrap;"[39m
      [36m>[39m
        [36m<button[39m
          [33mclass[39m=[32m"btn-primary"[39m
        [36m>[39m
          [0mAnalyze Game[0m
        [36m</button>[39m
        [36m<button>[39m
          [0mRecalibrate Ideal Engine Depth[0m
        [36m</button>[39m
        [36m<div[39m
          [33mclass[39m=[32m"help-tooltip-container"[39m
          [33mstyle[39m=[32m"display: inline-block; position: relative; margin-left: 8px; vertical-align: middle;"[39m
        [36m>[39m
          [36m<button[39m
            [33maria-label[39m=[32m"Show help"[39m
            [33mstyle[39m=[32m"background: rgb(224, 224, 224); color: rgb(85, 85, 85); border-radius: 50%; width: 18px; height: 18px; display: flex; align-items: center; justify-content: center; font-size: 12px; font-weight: bold; cursor: pointer; padding: 0px; line-height: 1;"[39m
            [33mtitle[39m=[32m"Click for help"[39m
          [36m>[39m
            [0m?[0m
          [36m</button>[39m
        [36m</div>[39m
      [36m</div>[39m
      [36m<div[39m
        [33mclass[39m=[32m"analysis-output"[39m
      [36m>[39m
        [36m<div[39m
          [33mdata-testid[39m=[32m"evaluation-graph"[39m
        [36m>[39m
          [0mGraph with [0m
          [0m0[0m
          [0m evaluations[0m
        [36m</div>[39m
        [36m<div[39m
          [33mstyle[39m=[32m"height: 1rem;"[39m
        [36m/>[39m
        [36m<div[39m
          [33mstyle[39m=[32m"display: flex; align-items: center; justify-content: space-between; margin-bottom: 0.5rem;"[39m
        [36m>[39m
          [36m<span[39m
            [33mstyle[39m=[32m"color: var(--color-text-secondary);"[39m
          [36m>[39m
            [0m0[0m
            [0m [0m
            [0minaccuracies[0m
            [0m found[0m
          [36m</span>[39m
          [36m<div[39m
            [33mstyle[39m=[32m"display: flex; align-items: center; gap: 1rem;"[39m
          [36m>[39m
            [36m<button[39m
              [33mstyle[39m=[32m"padding: 2px 8px; font-size: 0.8rem; cursor: pointer; line-height: 1; white-space: nowrap;"[39m
              [33mtitle[39m=[32m"Toggle Full Height"[39m
            [36m>[39m
              [0mExpand[0m
            [36m</button>[39m
          [36m</div>[39m
        [36m</div>[39m
        [36m<div[39m
          [33mstyle[39m=[32m"height: 300px; min-height: 150px; max-height: 80vh; overflow-y: auto; resize: vertical; border: 1px solid var(--color-border); border-radius: 4px; transition: height 0.2s ease-in-out;"[39m
        [36m>[39m
          [36m<div[39m
            [33mstyle[39m=[32m"display: flex; flex-direction: column; height: 100%;"[39m
          [36m>[39m
            [36m<div[39m
              [33mstyle[39m=[32m"padding: 16px; text-align: center; color: var(--color-text-secondary);"[39m
            [36m>[39m
              [0mNo analysis data available.[0m
            [36m</div>[39m
          [36m</div>[39m
        [36m</div>[39m
      [36m</div>[39m
    [36m</div>[39m
  [36m</div>[39m
[36m</body>[39m
   ✓ GameAnalysis > allows depth adjustment via slider 8ms
   ✓ GameAnalysis > respects maxMovesToAnalyze prop 3ms
   × GameAnalysis > triggers analysis workflow with maxMovesToAnalyze=2 14ms
     → Unable to find an accessible element with the role "button" and name "Analyze Entire Game"

Here are the accessible roles:

  heading:

  Name "Game Analysis":
  [36m<h3 />[39m

  --------------------------------------------------
  slider:

  Name "Analysis Depth used for "Analyze Entire Game": 8":
  [36m<input[39m
    [33mclass[39m=[32m"w-full h-2 bg-gray-200 rounded-lg appearance-none cursor-pointer"[39m
    [33mid[39m=[32m"depth-slider"[39m
    [33mmax[39m=[32m"34"[39m
    [33mmin[39m=[32m"1"[39m
    [33mtype[39m=[32m"range"[39m
    [33mvalue[39m=[32m"8"[39m
  [36m/>[39m

  --------------------------------------------------
  button:

  Name "Analyze Game":
  [36m<button[39m
    [33mclass[39m=[32m"btn-primary"[39m
  [36m/>[39m

  Name "Recalibrate Ideal Engine Depth":
  [36m<button />[39m

  Name "Show help":
  [36m<button[39m
    [33maria-label[39m=[32m"Show help"[39m
    [33mstyle[39m=[32m"background: rgb(224, 224, 224); color: rgb(85, 85, 85); border-radius: 50%; width: 18px; height: 18px; display: flex; align-items: center; justify-content: center; font-size: 12px; font-weight: bold; cursor: pointer; padding: 0px; line-height: 1;"[39m
    [33mtitle[39m=[32m"Click for help"[39m
  [36m/>[39m

  Name "Expand":
  [36m<button[39m
    [33mstyle[39m=[32m"padding: 2px 8px; font-size: 0.8rem; cursor: pointer; line-height: 1; white-space: nowrap;"[39m
    [33mtitle[39m=[32m"Toggle Full Height"[39m
  [36m/>[39m

  --------------------------------------------------

Ignored nodes: comments, script, style
[36m<body>[39m
  [36m<div>[39m
    [36m<div[39m
      [33mclass[39m=[32m"game-analysis-container"[39m
    [36m>[39m
      [36m<h3>[39m
        [0mGame Analysis[0m
      [36m</h3>[39m
      [36m<div[39m
        [33mclass[39m=[32m"analysis-controls mb-4"[39m
      [36m>[39m
        [36m<label[39m
          [33mclass[39m=[32m"block text-sm font-medium mb-1"[39m
          [33mfor[39m=[32m"depth-slider"[39m
        [36m>[39m
          [0mAnalysis Depth used for "Analyze Entire Game": [0m
          [0m8[0m
        [36m</label>[39m
        [36m<div[39m
          [33mclass[39m=[32m"flex items-center gap-4"[39m
        [36m>[39m
          [36m<input[39m
            [33mclass[39m=[32m"w-full h-2 bg-gray-200 rounded-lg appearance-none cursor-pointer"[39m
            [33mid[39m=[32m"depth-slider"[39m
            [33mmax[39m=[32m"34"[39m
            [33mmin[39m=[32m"1"[39m
            [33mtype[39m=[32m"range"[39m
            [33mvalue[39m=[32m"8"[39m
          [36m/>[39m
        [36m</div>[39m
      [36m</div>[39m
      [36m<div[39m
        [33mclass[39m=[32m"analysis-buttons"[39m
        [33mstyle[39m=[32m"display: flex; align-items: center; gap: 1rem; margin-bottom: 1rem; flex-wrap: nowrap;"[39m
      [36m>[39m
        [36m<button[39m
          [33mclass[39m=[32m"btn-primary"[39m
        [36m>[39m
          [0mAnalyze Game[0m
        [36m</button>[39m
        [36m<button>[39m
          [0mRecalibrate Ideal Engine Depth[0m
        [36m</button>[39m
        [36m<div[39m
          [33mclass[39m=[32m"help-tooltip-container"[39m
          [33mstyle[39m=[32m"display: inline-block; position: relative; margin-left: 8px; vertical-align: middle;"[39m
        [36m>[39m
          [36m<button[39m
            [33maria-label[39m=[32m"Show help"[39m
            [33mstyle[39m=[32m"background: rgb(224, 224, 224); color: rgb(85, 85, 85); border-radius: 50%; width: 18px; height: 18px; display: flex; align-items: center; justify-content: center; font-size: 12px; font-weight: bold; cursor: pointer; padding: 0px; line-height: 1;"[39m
            [33mtitle[39m=[32m"Click for help"[39m
          [36m>[39m
            [0m?[0m
          [36m</button>[39m
        [36m</div>[39m
      [36m</div>[39m
      [36m<div[39m
        [33mclass[39m=[32m"analysis-output"[39m
      [36m>[39m
        [36m<div[39m
          [33mdata-testid[39m=[32m"evaluation-graph"[39m
        [36m>[39m
          [0mGraph with [0m
          [0m0[0m
          [0m evaluations[0m
        [36m</div>[39m
        [36m<div[39m
          [33mstyle[39m=[32m"height: 1rem;"[39m
        [36m/>[39m
        [36m<div[39m
          [33mstyle[39m=[32m"display: flex; align-items: center; justify-content: space-between; margin-bottom: 0.5rem;"[39m
        [36m>[39m
          [36m<span[39m
            [33mstyle[39m=[32m"color: var(--color-text-secondary);"[39m
          [36m>[39m
            [0m0[0m
            [0m [0m
            [0minaccuracies[0m
            [0m found[0m
          [36m</span>[39m
          [36m<div[39m
            [33mstyle[39m=[32m"display: flex; align-items: center; gap: 1rem;"[39m
          [36m>[39m
            [36m<button[39m
              [33mstyle[39m=[32m"padding: 2px 8px; font-size: 0.8rem; cursor: pointer; line-height: 1; white-space: nowrap;"[39m
              [33mtitle[39m=[32m"Toggle Full Height"[39m
            [36m>[39m
              [0mExpand[0m
            [36m</button>[39m
          [36m</div>[39m
        [36m</div>[39m
        [36m<div[39m
          [33mstyle[39m=[32m"height: 300px; min-height: 150px; max-height: 80vh; overflow-y: auto; resize: vertical; border: 1px solid var(--color-border); border-radius: 4px; transition: height 0.2s ease-in-out;"[39m
        [36m>[39m
          [36m<div[39m
            [33mstyle[39m=[32m"display: flex; flex-direction: column; height: 100%;"[39m
          [36m>[39m
            [36m<div[39m
              [33mstyle[39m=[32m"padding: 16px; text-align: center; color: var(--color-text-secondary);"[39m
            [36m>[39m
              [0mNo analysis data available.[0m
            [36m</div>[39m
          [36m</div>[39m
        [36m</div>[39m
      [36m</div>[39m
    [36m</div>[39m
  [36m</div>[39m
[36m</body>[39m
   × GameAnalysis > Caching Logic > skips engine analysis on cache hit 13ms
     → Unable to find an accessible element with the role "button" and name "Analyze Entire Game"

Here are the accessible roles:

  heading:

  Name "Game Analysis":
  [36m<h3 />[39m

  --------------------------------------------------
  slider:

  Name "Analysis Depth used for "Analyze Entire Game": 8":
  [36m<input[39m
    [33mclass[39m=[32m"w-full h-2 bg-gray-200 rounded-lg appearance-none cursor-pointer"[39m
    [33mid[39m=[32m"depth-slider"[39m
    [33mmax[39m=[32m"34"[39m
    [33mmin[39m=[32m"1"[39m
    [33mtype[39m=[32m"range"[39m
    [33mvalue[39m=[32m"8"[39m
  [36m/>[39m

  --------------------------------------------------
  button:

  Name "Analyze Game":
  [36m<button[39m
    [33mclass[39m=[32m"btn-primary"[39m
  [36m/>[39m

  Name "Recalibrate Ideal Engine Depth":
  [36m<button />[39m

  Name "Show help":
  [36m<button[39m
    [33maria-label[39m=[32m"Show help"[39m
    [33mstyle[39m=[32m"background: rgb(224, 224, 224); color: rgb(85, 85, 85); border-radius: 50%; width: 18px; height: 18px; display: flex; align-items: center; justify-content: center; font-size: 12px; font-weight: bold; cursor: pointer; padding: 0px; line-height: 1;"[39m
    [33mtitle[39m=[32m"Click for help"[39m
  [36m/>[39m

  Name "Expand":
  [36m<button[39m
    [33mstyle[39m=[32m"padding: 2px 8px; font-size: 0.8rem; cursor: pointer; line-height: 1; white-space: nowrap;"[39m
    [33mtitle[39m=[32m"Toggle Full Height"[39m
  [36m/>[39m

  --------------------------------------------------

Ignored nodes: comments, script, style
[36m<body>[39m
  [36m<div>[39m
    [36m<div[39m
      [33mclass[39m=[32m"game-analysis-container"[39m
    [36m>[39m
      [36m<h3>[39m
        [0mGame Analysis[0m
      [36m</h3>[39m
      [36m<div[39m
        [33mclass[39m=[32m"analysis-controls mb-4"[39m
      [36m>[39m
        [36m<label[39m
          [33mclass[39m=[32m"block text-sm font-medium mb-1"[39m
          [33mfor[39m=[32m"depth-slider"[39m
        [36m>[39m
          [0mAnalysis Depth used for "Analyze Entire Game": [0m
          [0m8[0m
        [36m</label>[39m
        [36m<div[39m
          [33mclass[39m=[32m"flex items-center gap-4"[39m
        [36m>[39m
          [36m<input[39m
            [33mclass[39m=[32m"w-full h-2 bg-gray-200 rounded-lg appearance-none cursor-pointer"[39m
            [33mid[39m=[32m"depth-slider"[39m
            [33mmax[39m=[32m"34"[39m
            [33mmin[39m=[32m"1"[39m
            [33mtype[39m=[32m"range"[39m
            [33mvalue[39m=[32m"8"[39m
          [36m/>[39m
        [36m</div>[39m
      [36m</div>[39m
      [36m<div[39m
        [33mclass[39m=[32m"analysis-buttons"[39m
        [33mstyle[39m=[32m"display: flex; align-items: center; gap: 1rem; margin-bottom: 1rem; flex-wrap: nowrap;"[39m
      [36m>[39m
        [36m<button[39m
          [33mclass[39m=[32m"btn-primary"[39m
        [36m>[39m
          [0mAnalyze Game[0m
        [36m</button>[39m
        [36m<button>[39m
          [0mRecalibrate Ideal Engine Depth[0m
        [36m</button>[39m
        [36m<div[39m
          [33mclass[39m=[32m"help-tooltip-container"[39m
          [33mstyle[39m=[32m"display: inline-block; position: relative; margin-left: 8px; vertical-align: middle;"[39m
        [36m>[39m
          [36m<button[39m
            [33maria-label[39m=[32m"Show help"[39m
            [33mstyle[39m=[32m"background: rgb(224, 224, 224); color: rgb(85, 85, 85); border-radius: 50%; width: 18px; height: 18px; display: flex; align-items: center; justify-content: center; font-size: 12px; font-weight: bold; cursor: pointer; padding: 0px; line-height: 1;"[39m
            [33mtitle[39m=[32m"Click for help"[39m
          [36m>[39m
            [0m?[0m
          [36m</button>[39m
        [36m</div>[39m
      [36m</div>[39m
      [36m<div[39m
        [33mclass[39m=[32m"analysis-output"[39m
      [36m>[39m
        [36m<div[39m
          [33mdata-testid[39m=[32m"evaluation-graph"[39m
        [36m>[39m
          [0mGraph with [0m
          [0m0[0m
          [0m evaluations[0m
        [36m</div>[39m
        [36m<div[39m
          [33mstyle[39m=[32m"height: 1rem;"[39m
        [36m/>[39m
        [36m<div[39m
          [33mstyle[39m=[32m"display: flex; align-items: center; justify-content: space-between; margin-bottom: 0.5rem;"[39m
        [36m>[39m
          [36m<span[39m
            [33mstyle[39m=[32m"color: var(--color-text-secondary);"[39m
          [36m>[39m
            [0m0[0m
            [0m [0m
            [0minaccuracies[0m
            [0m found[0m
          [36m</span>[39m
          [36m<div[39m
            [33mstyle[39m=[32m"display: flex; align-items: center; gap: 1rem;"[39m
          [36m>[39m
            [36m<button[39m
              [33mstyle[39m=[32m"padding: 2px 8px; font-size: 0.8rem; cursor: pointer; line-height: 1; white-space: nowrap;"[39m
              [33mtitle[39m=[32m"Toggle Full Height"[39m
            [36m>[39m
              [0mExpand[0m
            [36m</button>[39m
          [36m</div>[39m
        [36m</div>[39m
        [36m<div[39m
          [33mstyle[39m=[32m"height: 300px; min-height: 150px; max-height: 80vh; overflow-y: auto; resize: vertical; border: 1px solid var(--color-border); border-radius: 4px; transition: height 0.2s ease-in-out;"[39m
        [36m>[39m
          [36m<div[39m
            [33mstyle[39m=[32m"display: flex; flex-direction: column; height: 100%;"[39m
          [36m>[39m
            [36m<div[39m
              [33mstyle[39m=[32m"padding: 16px; text-align: center; color: var(--color-text-secondary);"[39m
            [36m>[39m
              [0mNo analysis data available.[0m
            [36m</div>[39m
          [36m</div>[39m
        [36m</div>[39m
      [36m</div>[39m
    [36m</div>[39m
  [36m</div>[39m
[36m</body>[39m
   × GameAnalysis > Parent Synchronization > calls onAnalysisUpdate with correct absoluteMoveIndex 14ms
     → Unable to find an accessible element with the role "button" and name "Analyze Entire Game"

Here are the accessible roles:

  heading:

  Name "Game Analysis":
  [36m<h3 />[39m

  --------------------------------------------------
  slider:

  Name "Analysis Depth used for "Analyze Entire Game": 8":
  [36m<input[39m
    [33mclass[39m=[32m"w-full h-2 bg-gray-200 rounded-lg appearance-none cursor-pointer"[39m
    [33mid[39m=[32m"depth-slider"[39m
    [33mmax[39m=[32m"34"[39m
    [33mmin[39m=[32m"1"[39m
    [33mtype[39m=[32m"range"[39m
    [33mvalue[39m=[32m"8"[39m
  [36m/>[39m

  --------------------------------------------------
  button:

  Name "Analyze Game":
  [36m<button[39m
    [33mclass[39m=[32m"btn-primary"[39m
  [36m/>[39m

  Name "Recalibrate Ideal Engine Depth":
  [36m<button />[39m

  Name "Show help":
  [36m<button[39m
    [33maria-label[39m=[32m"Show help"[39m
    [33mstyle[39m=[32m"background: rgb(224, 224, 224); color: rgb(85, 85, 85); border-radius: 50%; width: 18px; height: 18px; display: flex; align-items: center; justify-content: center; font-size: 12px; font-weight: bold; cursor: pointer; padding: 0px; line-height: 1;"[39m
    [33mtitle[39m=[32m"Click for help"[39m
  [36m/>[39m

  Name "Expand":
  [36m<button[39m
    [33mstyle[39m=[32m"padding: 2px 8px; font-size: 0.8rem; cursor: pointer; line-height: 1; white-space: nowrap;"[39m
    [33mtitle[39m=[32m"Toggle Full Height"[39m
  [36m/>[39m

  --------------------------------------------------

Ignored nodes: comments, script, style
[36m<body>[39m
  [36m<div>[39m
    [36m<div[39m
      [33mclass[39m=[32m"game-analysis-container"[39m
    [36m>[39m
      [36m<h3>[39m
        [0mGame Analysis[0m
      [36m</h3>[39m
      [36m<div[39m
        [33mclass[39m=[32m"analysis-controls mb-4"[39m
      [36m>[39m
        [36m<label[39m
          [33mclass[39m=[32m"block text-sm font-medium mb-1"[39m
          [33mfor[39m=[32m"depth-slider"[39m
        [36m>[39m
          [0mAnalysis Depth used for "Analyze Entire Game": [0m
          [0m8[0m
        [36m</label>[39m
        [36m<div[39m
          [33mclass[39m=[32m"flex items-center gap-4"[39m
        [36m>[39m
          [36m<input[39m
            [33mclass[39m=[32m"w-full h-2 bg-gray-200 rounded-lg appearance-none cursor-pointer"[39m
            [33mid[39m=[32m"depth-slider"[39m
            [33mmax[39m=[32m"34"[39m
            [33mmin[39m=[32m"1"[39m
            [33mtype[39m=[32m"range"[39m
            [33mvalue[39m=[32m"8"[39m
          [36m/>[39m
        [36m</div>[39m
      [36m</div>[39m
      [36m<div[39m
        [33mclass[39m=[32m"analysis-buttons"[39m
        [33mstyle[39m=[32m"display: flex; align-items: center; gap: 1rem; margin-bottom: 1rem; flex-wrap: nowrap;"[39m
      [36m>[39m
        [36m<button[39m
          [33mclass[39m=[32m"btn-primary"[39m
        [36m>[39m
          [0mAnalyze Game[0m
        [36m</button>[39m
        [36m<button>[39m
          [0mRecalibrate Ideal Engine Depth[0m
        [36m</button>[39m
        [36m<div[39m
          [33mclass[39m=[32m"help-tooltip-container"[39m
          [33mstyle[39m=[32m"display: inline-block; position: relative; margin-left: 8px; vertical-align: middle;"[39m
        [36m>[39m
          [36m<button[39m
            [33maria-label[39m=[32m"Show help"[39m
            [33mstyle[39m=[32m"background: rgb(224, 224, 224); color: rgb(85, 85, 85); border-radius: 50%; width: 18px; height: 18px; display: flex; align-items: center; justify-content: center; font-size: 12px; font-weight: bold; cursor: pointer; padding: 0px; line-height: 1;"[39m
            [33mtitle[39m=[32m"Click for help"[39m
          [36m>[39m
            [0m?[0m
          [36m</button>[39m
        [36m</div>[39m
      [36m</div>[39m
      [36m<div[39m
        [33mclass[39m=[32m"analysis-output"[39m
      [36m>[39m
        [36m<div[39m
          [33mdata-testid[39m=[32m"evaluation-graph"[39m
        [36m>[39m
          [0mGraph with [0m
          [0m0[0m
          [0m evaluations[0m
        [36m</div>[39m
        [36m<div[39m
          [33mstyle[39m=[32m"height: 1rem;"[39m
        [36m/>[39m
        [36m<div[39m
          [33mstyle[39m=[32m"display: flex; align-items: center; justify-content: space-between; margin-bottom: 0.5rem;"[39m
        [36m>[39m
          [36m<span[39m
            [33mstyle[39m=[32m"color: var(--color-text-secondary);"[39m
          [36m>[39m
            [0m0[0m
            [0m [0m
            [0minaccuracies[0m
            [0m found[0m
          [36m</span>[39m
          [36m<div[39m
            [33mstyle[39m=[32m"display: flex; align-items: center; gap: 1rem;"[39m
          [36m>[39m
            [36m<button[39m
              [33mstyle[39m=[32m"padding: 2px 8px; font-size: 0.8rem; cursor: pointer; line-height: 1; white-space: nowrap;"[39m
              [33mtitle[39m=[32m"Toggle Full Height"[39m
            [36m>[39m
              [0mExpand[0m
            [36m</button>[39m
          [36m</div>[39m
        [36m</div>[39m
        [36m<div[39m
          [33mstyle[39m=[32m"height: 300px; min-height: 150px; max-height: 80vh; overflow-y: auto; resize: vertical; border: 1px solid var(--color-border); border-radius: 4px; transition: height 0.2s ease-in-out;"[39m
        [36m>[39m
          [36m<div[39m
            [33mstyle[39m=[32m"display: flex; flex-direction: column; height: 100%;"[39m
          [36m>[39m
            [36m<div[39m
              [33mstyle[39m=[32m"padding: 16px; text-align: center; color: var(--color-text-secondary);"[39m
            [36m>[39m
              [0mNo analysis data available.[0m
            [36m</div>[39m
          [36m</div>[39m
        [36m</div>[39m
      [36m</div>[39m
    [36m</div>[39m
  [36m</div>[39m
[36m</body>[39m

⎯⎯⎯⎯⎯⎯⎯ Failed Tests 5 ⎯⎯⎯⎯⎯⎯⎯

 FAIL  src/components/ChessGame/Analysis/GameAnalysis.test.tsx > GameAnalysis > renders the component with initial state
TestingLibraryElementError: Unable to find an accessible element with the role "button" and name "Analyze Entire Game"

Here are the accessible roles:

  heading:

  Name "Game Analysis":
  [36m<h3 />[39m

  --------------------------------------------------
  slider:

  Name "Analysis Depth used for "Analyze Entire Game": 8":
  [36m<input[39m
    [33mclass[39m=[32m"w-full h-2 bg-gray-200 rounded-lg appearance-none cursor-pointer"[39m
    [33mid[39m=[32m"depth-slider"[39m
    [33mmax[39m=[32m"34"[39m
    [33mmin[39m=[32m"1"[39m
    [33mtype[39m=[32m"range"[39m
    [33mvalue[39m=[32m"8"[39m
  [36m/>[39m

  --------------------------------------------------
  button:

  Name "Analyze Game":
  [36m<button[39m
    [33mclass[39m=[32m"btn-primary"[39m
  [36m/>[39m

  Name "Recalibrate Ideal Engine Depth":
  [36m<button />[39m

  Name "Show help":
  [36m<button[39m
    [33maria-label[39m=[32m"Show help"[39m
    [33mstyle[39m=[32m"background: rgb(224, 224, 224); color: rgb(85, 85, 85); border-radius: 50%; width: 18px; height: 18px; display: flex; align-items: center; justify-content: center; font-size: 12px; font-weight: bold; cursor: pointer; padding: 0px; line-height: 1;"[39m
    [33mtitle[39m=[32m"Click for help"[39m
  [36m/>[39m

  Name "Expand":
  [36m<button[39m
    [33mstyle[39m=[32m"padding: 2px 8px; font-size: 0.8rem; cursor: pointer; line-height: 1; white-space: nowrap;"[39m
    [33mtitle[39m=[32m"Toggle Full Height"[39m
  [36m/>[39m

  --------------------------------------------------

Ignored nodes: comments, script, style
[36m<body>[39m
  [36m<div>[39m
    [36m<div[39m
      [33mclass[39m=[32m"game-analysis-container"[39m
    [36m>[39m
      [36m<h3>[39m
        [0mGame Analysis[0m
      [36m</h3>[39m
      [36m<div[39m
        [33mclass[39m=[32m"analysis-controls mb-4"[39m
      [36m>[39m
        [36m<label[39m
          [33mclass[39m=[32m"block text-sm font-medium mb-1"[39m
          [33mfor[39m=[32m"depth-slider"[39m
        [36m>[39m
          [0mAnalysis Depth used for "Analyze Entire Game": [0m
          [0m8[0m
        [36m</label>[39m
        [36m<div[39m
          [33mclass[39m=[32m"flex items-center gap-4"[39m
        [36m>[39m
          [36m<input[39m
            [33mclass[39m=[32m"w-full h-2 bg-gray-200 rounded-lg appearance-none cursor-pointer"[39m
            [33mid[39m=[32m"depth-slider"[39m
            [33mmax[39m=[32m"34"[39m
            [33mmin[39m=[32m"1"[39m
            [33mtype[39m=[32m"range"[39m
            [33mvalue[39m=[32m"8"[39m
          [36m/>[39m
        [36m</div>[39m
      [36m</div>[39m
      [36m<div[39m
        [33mclass[39m=[32m"analysis-buttons"[39m
        [33mstyle[39m=[32m"display: flex; align-items: center; gap: 1rem; margin-bottom: 1rem; flex-wrap: nowrap;"[39m
      [36m>[39m
        [36m<button[39m
          [33mclass[39m=[32m"btn-primary"[39m
        [36m>[39m
          [0mAnalyze Game[0m
        [36m</button>[39m
        [36m<button>[39m
          [0mRecalibrate Ideal Engine Depth[0m
        [36m</button>[39m
        [36m<div[39m
          [33mclass[39m=[32m"help-tooltip-container"[39m
          [33mstyle[39m=[32m"display: inline-block; position: relative; margin-left: 8px; vertical-align: middle;"[39m
        [36m>[39m
          [36m<button[39m
            [33maria-label[39m=[32m"Show help"[39m
            [33mstyle[39m=[32m"background: rgb(224, 224, 224); color: rgb(85, 85, 85); border-radius: 50%; width: 18px; height: 18px; display: flex; align-items: center; justify-content: center; font-size: 12px; font-weight: bold; cursor: pointer; padding: 0px; line-height: 1;"[39m
            [33mtitle[39m=[32m"Click for help"[39m
          [36m>[39m
            [0m?[0m
          [36m</button>[39m
        [36m</div>[39m
      [36m</div>[39m
      [36m<div[39m
        [33mclass[39m=[32m"analysis-output"[39m
      [36m>[39m
        [36m<div[39m
          [33mdata-testid[39m=[32m"evaluation-graph"[39m
        [36m>[39m
          [0mGraph with [0m
          [0m0[0m
          [0m evaluations[0m
        [36m</div>[39m
        [36m<div[39m
          [33mstyle[39m=[32m"height: 1rem;"[39m
        [36m/>[39m
        [36m<div[39m
          [33mstyle[39m=[32m"display: flex; align-items: center; justify-content: space-between; margin-bottom: 0.5rem;"[39m
        [36m>[39m
          [36m<span[39m
            [33mstyle[39m=[32m"color: var(--color-text-secondary);"[39m
          [36m>[39m
            [0m0[0m
            [0m [0m
            [0minaccuracies[0m
            [0m found[0m
          [36m</span>[39m
          [36m<div[39m
            [33mstyle[39m=[32m"display: flex; align-items: center; gap: 1rem;"[39m
          [36m>[39m
            [36m<button[39m
              [33mstyle[39m=[32m"padding: 2px 8px; font-size: 0.8rem; cursor: pointer; line-height: 1; white-space: nowrap;"[39m
              [33mtitle[39m=[32m"Toggle Full Height"[39m
            [36m>[39m
              [0mExpand[0m
            [36m</button>[39m
          [36m</div>[39m
        [36m</div>[39m
        [36m<div[39m
          [33mstyle[39m=[32m"height: 300px; min-height: 150px; max-height: 80vh; overflow-y: auto; resize: vertical; border: 1px solid var(--color-border); border-radius: 4px; transition: height 0.2s ease-in-out;"[39m
        [36m>[39m
          [36m<div[39m
            [33mstyle[39m=[32m"display: flex; flex-direction: column; height: 100%;"[39m
          [36m>[39m
            [36m<div[39m
              [33mstyle[39m=[32m"padding: 16px; text-align: center; color: var(--color-text-secondary);"[39m
            [36m>[39m
              [0mNo analysis data available.[0m
            [36m</div>[39m
          [36m</div>[39m
        [36m</div>[39m
      [36m</div>[39m
    [36m</div>[39m
  [36m</div>[39m
[36m</body>[39m
 ❯ Object.getElementError node_modules/.pnpm/@testing-library+dom@10.4.1/node_modules/@testing-library/dom/dist/config.js:37:19
 ❯ node_modules/.pnpm/@testing-library+dom@10.4.1/node_modules/@testing-library/dom/dist/query-helpers.js:76:38
 ❯ node_modules/.pnpm/@testing-library+dom@10.4.1/node_modules/@testing-library/dom/dist/query-helpers.js:52:17
 ❯ getByRole node_modules/.pnpm/@testing-library+dom@10.4.1/node_modules/@testing-library/dom/dist/query-helpers.js:95:19
 ❯ src/components/ChessGame/Analysis/GameAnalysis.test.tsx:95:19
     93|     // Replaced "Analysis Depth:" with label "Analysis Depth used..."
     94|     expect(screen.getByText(/Analysis Depth/)).toBeInTheDocument();
     95|     expect(screen.getByRole('button', { name: 'Analyze Entire Game' })…
       |                   ^
     96|   });
     97| 

⎯⎯⎯⎯⎯⎯⎯⎯⎯⎯⎯⎯⎯⎯⎯⎯⎯⎯⎯⎯⎯⎯⎯⎯[1/5]⎯

 FAIL  src/components/ChessGame/Analysis/GameAnalysis.test.tsx > GameAnalysis > disables analyze button when game has no moves
TestingLibraryElementError: Unable to find an accessible element with the role "button" and name "Analyze Entire Game"

Here are the accessible roles:

  heading:

  Name "Game Analysis":
  [36m<h3 />[39m

  --------------------------------------------------
  slider:

  Name "Analysis Depth used for "Analyze Entire Game": 8":
  [36m<input[39m
    [33mclass[39m=[32m"w-full h-2 bg-gray-200 rounded-lg appearance-none cursor-pointer"[39m
    [33mid[39m=[32m"depth-slider"[39m
    [33mmax[39m=[32m"34"[39m
    [33mmin[39m=[32m"1"[39m
    [33mtype[39m=[32m"range"[39m
    [33mvalue[39m=[32m"8"[39m
  [36m/>[39m

  --------------------------------------------------
  button:

  Name "Analyze Game":
  [36m<button[39m
    [33mclass[39m=[32m"btn-primary"[39m
  [36m/>[39m

  Name "Recalibrate Ideal Engine Depth":
  [36m<button />[39m

  Name "Show help":
  [36m<button[39m
    [33maria-label[39m=[32m"Show help"[39m
    [33mstyle[39m=[32m"background: rgb(224, 224, 224); color: rgb(85, 85, 85); border-radius: 50%; width: 18px; height: 18px; display: flex; align-items: center; justify-content: center; font-size: 12px; font-weight: bold; cursor: pointer; padding: 0px; line-height: 1;"[39m
    [33mtitle[39m=[32m"Click for help"[39m
  [36m/>[39m

  Name "Expand":
  [36m<button[39m
    [33mstyle[39m=[32m"padding: 2px 8px; font-size: 0.8rem; cursor: pointer; line-height: 1; white-space: nowrap;"[39m
    [33mtitle[39m=[32m"Toggle Full Height"[39m
  [36m/>[39m

  --------------------------------------------------

Ignored nodes: comments, script, style
[36m<body>[39m
  [36m<div>[39m
    [36m<div[39m
      [33mclass[39m=[32m"game-analysis-container"[39m
    [36m>[39m
      [36m<h3>[39m
        [0mGame Analysis[0m
      [36m</h3>[39m
      [36m<div[39m
        [33mclass[39m=[32m"analysis-controls mb-4"[39m
      [36m>[39m
        [36m<label[39m
          [33mclass[39m=[32m"block text-sm font-medium mb-1"[39m
          [33mfor[39m=[32m"depth-slider"[39m
        [36m>[39m
          [0mAnalysis Depth used for "Analyze Entire Game": [0m
          [0m8[0m
        [36m</label>[39m
        [36m<div[39m
          [33mclass[39m=[32m"flex items-center gap-4"[39m
        [36m>[39m
          [36m<input[39m
            [33mclass[39m=[32m"w-full h-2 bg-gray-200 rounded-lg appearance-none cursor-pointer"[39m
            [33mid[39m=[32m"depth-slider"[39m
            [33mmax[39m=[32m"34"[39m
            [33mmin[39m=[32m"1"[39m
            [33mtype[39m=[32m"range"[39m
            [33mvalue[39m=[32m"8"[39m
          [36m/>[39m
        [36m</div>[39m
      [36m</div>[39m
      [36m<div[39m
        [33mclass[39m=[32m"analysis-buttons"[39m
        [33mstyle[39m=[32m"display: flex; align-items: center; gap: 1rem; margin-bottom: 1rem; flex-wrap: nowrap;"[39m
      [36m>[39m
        [36m<button[39m
          [33mclass[39m=[32m"btn-primary"[39m
        [36m>[39m
          [0mAnalyze Game[0m
        [36m</button>[39m
        [36m<button>[39m
          [0mRecalibrate Ideal Engine Depth[0m
        [36m</button>[39m
        [36m<div[39m
          [33mclass[39m=[32m"help-tooltip-container"[39m
          [33mstyle[39m=[32m"display: inline-block; position: relative; margin-left: 8px; vertical-align: middle;"[39m
        [36m>[39m
          [36m<button[39m
            [33maria-label[39m=[32m"Show help"[39m
            [33mstyle[39m=[32m"background: rgb(224, 224, 224); color: rgb(85, 85, 85); border-radius: 50%; width: 18px; height: 18px; display: flex; align-items: center; justify-content: center; font-size: 12px; font-weight: bold; cursor: pointer; padding: 0px; line-height: 1;"[39m
            [33mtitle[39m=[32m"Click for help"[39m
          [36m>[39m
            [0m?[0m
          [36m</button>[39m
        [36m</div>[39m
      [36m</div>[39m
      [36m<div[39m
        [33mclass[39m=[32m"analysis-output"[39m
      [36m>[39m
        [36m<div[39m
          [33mdata-testid[39m=[32m"evaluation-graph"[39m
        [36m>[39m
          [0mGraph with [0m
          [0m0[0m
          [0m evaluations[0m
        [36m</div>[39m
        [36m<div[39m
          [33mstyle[39m=[32m"height: 1rem;"[39m
        [36m/>[39m
        [36m<div[39m
          [33mstyle[39m=[32m"display: flex; align-items: center; justify-content: space-between; margin-bottom: 0.5rem;"[39m
        [36m>[39m
          [36m<span[39m
            [33mstyle[39m=[32m"color: var(--color-text-secondary);"[39m
          [36m>[39m
            [0m0[0m
            [0m [0m
            [0minaccuracies[0m
            [0m found[0m
          [36m</span>[39m
          [36m<div[39m
            [33mstyle[39m=[32m"display: flex; align-items: center; gap: 1rem;"[39m
          [36m>[39m
            [36m<button[39m
              [33mstyle[39m=[32m"padding: 2px 8px; font-size: 0.8rem; cursor: pointer; line-height: 1; white-space: nowrap;"[39m
              [33mtitle[39m=[32m"Toggle Full Height"[39m
            [36m>[39m
              [0mExpand[0m
            [36m</button>[39m
          [36m</div>[39m
        [36m</div>[39m
        [36m<div[39m
          [33mstyle[39m=[32m"height: 300px; min-height: 150px; max-height: 80vh; overflow-y: auto; resize: vertical; border: 1px solid var(--color-border); border-radius: 4px; transition: height 0.2s ease-in-out;"[39m
        [36m>[39m
          [36m<div[39m
            [33mstyle[39m=[32m"display: flex; flex-direction: column; height: 100%;"[39m
          [36m>[39m
            [36m<div[39m
              [33mstyle[39m=[32m"padding: 16px; text-align: center; color: var(--color-text-secondary);"[39m
            [36m>[39m
              [0mNo analysis data available.[0m
            [36m</div>[39m
          [36m</div>[39m
        [36m</div>[39m
      [36m</div>[39m
    [36m</div>[39m
  [36m</div>[39m
[36m</body>[39m
 ❯ Object.getElementError node_modules/.pnpm/@testing-library+dom@10.4.1/node_modules/@testing-library/dom/dist/config.js:37:19
 ❯ node_modules/.pnpm/@testing-library+dom@10.4.1/node_modules/@testing-library/dom/dist/query-helpers.js:76:38
 ❯ node_modules/.pnpm/@testing-library+dom@10.4.1/node_modules/@testing-library/dom/dist/query-helpers.js:52:17
 ❯ getByRole node_modules/.pnpm/@testing-library+dom@10.4.1/node_modules/@testing-library/dom/dist/query-helpers.js:95:19
 ❯ src/components/ChessGame/Analysis/GameAnalysis.test.tsx:162:19
    160|     // Let's leave test as is and see it fail, then fix component.
    161|     // expect(screen.getByRole('button', { name: 'Analyze Entire Game'…
    162|     expect(screen.getByRole('button', { name: 'Analyze Entire Game' })…
       |                   ^
    163|   });
    164| 

⎯⎯⎯⎯⎯⎯⎯⎯⎯⎯⎯⎯⎯⎯⎯⎯⎯⎯⎯⎯⎯⎯⎯⎯[2/5]⎯

 FAIL  src/components/ChessGame/Analysis/GameAnalysis.test.tsx > GameAnalysis > triggers analysis workflow with maxMovesToAnalyze=2
TestingLibraryElementError: Unable to find an accessible element with the role "button" and name "Analyze Entire Game"

Here are the accessible roles:

  heading:

  Name "Game Analysis":
  [36m<h3 />[39m

  --------------------------------------------------
  slider:

  Name "Analysis Depth used for "Analyze Entire Game": 8":
  [36m<input[39m
    [33mclass[39m=[32m"w-full h-2 bg-gray-200 rounded-lg appearance-none cursor-pointer"[39m
    [33mid[39m=[32m"depth-slider"[39m
    [33mmax[39m=[32m"34"[39m
    [33mmin[39m=[32m"1"[39m
    [33mtype[39m=[32m"range"[39m
    [33mvalue[39m=[32m"8"[39m
  [36m/>[39m

  --------------------------------------------------
  button:

  Name "Analyze Game":
  [36m<button[39m
    [33mclass[39m=[32m"btn-primary"[39m
  [36m/>[39m

  Name "Recalibrate Ideal Engine Depth":
  [36m<button />[39m

  Name "Show help":
  [36m<button[39m
    [33maria-label[39m=[32m"Show help"[39m
    [33mstyle[39m=[32m"background: rgb(224, 224, 224); color: rgb(85, 85, 85); border-radius: 50%; width: 18px; height: 18px; display: flex; align-items: center; justify-content: center; font-size: 12px; font-weight: bold; cursor: pointer; padding: 0px; line-height: 1;"[39m
    [33mtitle[39m=[32m"Click for help"[39m
  [36m/>[39m

  Name "Expand":
  [36m<button[39m
    [33mstyle[39m=[32m"padding: 2px 8px; font-size: 0.8rem; cursor: pointer; line-height: 1; white-space: nowrap;"[39m
    [33mtitle[39m=[32m"Toggle Full Height"[39m
  [36m/>[39m

  --------------------------------------------------

Ignored nodes: comments, script, style
[36m<body>[39m
  [36m<div>[39m
    [36m<div[39m
      [33mclass[39m=[32m"game-analysis-container"[39m
    [36m>[39m
      [36m<h3>[39m
        [0mGame Analysis[0m
      [36m</h3>[39m
      [36m<div[39m
        [33mclass[39m=[32m"analysis-controls mb-4"[39m
      [36m>[39m
        [36m<label[39m
          [33mclass[39m=[32m"block text-sm font-medium mb-1"[39m
          [33mfor[39m=[32m"depth-slider"[39m
        [36m>[39m
          [0mAnalysis Depth used for "Analyze Entire Game": [0m
          [0m8[0m
        [36m</label>[39m
        [36m<div[39m
          [33mclass[39m=[32m"flex items-center gap-4"[39m
        [36m>[39m
          [36m<input[39m
            [33mclass[39m=[32m"w-full h-2 bg-gray-200 rounded-lg appearance-none cursor-pointer"[39m
            [33mid[39m=[32m"depth-slider"[39m
            [33mmax[39m=[32m"34"[39m
            [33mmin[39m=[32m"1"[39m
            [33mtype[39m=[32m"range"[39m
            [33mvalue[39m=[32m"8"[39m
          [36m/>[39m
        [36m</div>[39m
      [36m</div>[39m
      [36m<div[39m
        [33mclass[39m=[32m"analysis-buttons"[39m
        [33mstyle[39m=[32m"display: flex; align-items: center; gap: 1rem; margin-bottom: 1rem; flex-wrap: nowrap;"[39m
      [36m>[39m
        [36m<button[39m
          [33mclass[39m=[32m"btn-primary"[39m
        [36m>[39m
          [0mAnalyze Game[0m
        [36m</button>[39m
        [36m<button>[39m
          [0mRecalibrate Ideal Engine Depth[0m
        [36m</button>[39m
        [36m<div[39m
          [33mclass[39m=[32m"help-tooltip-container"[39m
          [33mstyle[39m=[32m"display: inline-block; position: relative; margin-left: 8px; vertical-align: middle;"[39m
        [36m>[39m
          [36m<button[39m
            [33maria-label[39m=[32m"Show help"[39m
            [33mstyle[39m=[32m"background: rgb(224, 224, 224); color: rgb(85, 85, 85); border-radius: 50%; width: 18px; height: 18px; display: flex; align-items: center; justify-content: center; font-size: 12px; font-weight: bold; cursor: pointer; padding: 0px; line-height: 1;"[39m
            [33mtitle[39m=[32m"Click for help"[39m
          [36m>[39m
            [0m?[0m
          [36m</button>[39m
        [36m</div>[39m
      [36m</div>[39m
      [36m<div[39m
        [33mclass[39m=[32m"analysis-output"[39m
      [36m>[39m
        [36m<div[39m
          [33mdata-testid[39m=[32m"evaluation-graph"[39m
        [36m>[39m
          [0mGraph with [0m
          [0m0[0m
          [0m evaluations[0m
        [36m</div>[39m
        [36m<div[39m
          [33mstyle[39m=[32m"height: 1rem;"[39m
        [36m/>[39m
        [36m<div[39m
          [33mstyle[39m=[32m"display: flex; align-items: center; justify-content: space-between; margin-bottom: 0.5rem;"[39m
        [36m>[39m
          [36m<span[39m
            [33mstyle[39m=[32m"color: var(--color-text-secondary);"[39m
          [36m>[39m
            [0m0[0m
            [0m [0m
            [0minaccuracies[0m
            [0m found[0m
          [36m</span>[39m
          [36m<div[39m
            [33mstyle[39m=[32m"display: flex; align-items: center; gap: 1rem;"[39m
          [36m>[39m
            [36m<button[39m
              [33mstyle[39m=[32m"padding: 2px 8px; font-size: 0.8rem; cursor: pointer; line-height: 1; white-space: nowrap;"[39m
              [33mtitle[39m=[32m"Toggle Full Height"[39m
            [36m>[39m
              [0mExpand[0m
            [36m</button>[39m
          [36m</div>[39m
        [36m</div>[39m
        [36m<div[39m
          [33mstyle[39m=[32m"height: 300px; min-height: 150px; max-height: 80vh; overflow-y: auto; resize: vertical; border: 1px solid var(--color-border); border-radius: 4px; transition: height 0.2s ease-in-out;"[39m
        [36m>[39m
          [36m<div[39m
            [33mstyle[39m=[32m"display: flex; flex-direction: column; height: 100%;"[39m
          [36m>[39m
            [36m<div[39m
              [33mstyle[39m=[32m"padding: 16px; text-align: center; color: var(--color-text-secondary);"[39m
            [36m>[39m
              [0mNo analysis data available.[0m
            [36m</div>[39m
          [36m</div>[39m
        [36m</div>[39m
      [36m</div>[39m
    [36m</div>[39m
  [36m</div>[39m
[36m</body>[39m
 ❯ Object.getElementError node_modules/.pnpm/@testing-library+dom@10.4.1/node_modules/@testing-library/dom/dist/config.js:37:19
 ❯ node_modules/.pnpm/@testing-library+dom@10.4.1/node_modules/@testing-library/dom/dist/query-helpers.js:76:38
 ❯ node_modules/.pnpm/@testing-library+dom@10.4.1/node_modules/@testing-library/dom/dist/query-helpers.js:52:17
 ❯ getByRole node_modules/.pnpm/@testing-library+dom@10.4.1/node_modules/@testing-library/dom/dist/query-helpers.js:95:19
 ❯ src/components/ChessGame/Analysis/GameAnalysis.test.tsx:236:34
    234| 
    235|     // Click the analyze button
    236|     const analyzeButton = screen.getByRole('button', { name: 'Analyze …
       |                                  ^
    237|     analyzeButton.click();
    238| 

⎯⎯⎯⎯⎯⎯⎯⎯⎯⎯⎯⎯⎯⎯⎯⎯⎯⎯⎯⎯⎯⎯⎯⎯[3/5]⎯

 FAIL  src/components/ChessGame/Analysis/GameAnalysis.test.tsx > GameAnalysis > Caching Logic > skips engine analysis on cache hit
TestingLibraryElementError: Unable to find an accessible element with the role "button" and name "Analyze Entire Game"

Here are the accessible roles:

  heading:

  Name "Game Analysis":
  [36m<h3 />[39m

  --------------------------------------------------
  slider:

  Name "Analysis Depth used for "Analyze Entire Game": 8":
  [36m<input[39m
    [33mclass[39m=[32m"w-full h-2 bg-gray-200 rounded-lg appearance-none cursor-pointer"[39m
    [33mid[39m=[32m"depth-slider"[39m
    [33mmax[39m=[32m"34"[39m
    [33mmin[39m=[32m"1"[39m
    [33mtype[39m=[32m"range"[39m
    [33mvalue[39m=[32m"8"[39m
  [36m/>[39m

  --------------------------------------------------
  button:

  Name "Analyze Game":
  [36m<button[39m
    [33mclass[39m=[32m"btn-primary"[39m
  [36m/>[39m

  Name "Recalibrate Ideal Engine Depth":
  [36m<button />[39m

  Name "Show help":
  [36m<button[39m
    [33maria-label[39m=[32m"Show help"[39m
    [33mstyle[39m=[32m"background: rgb(224, 224, 224); color: rgb(85, 85, 85); border-radius: 50%; width: 18px; height: 18px; display: flex; align-items: center; justify-content: center; font-size: 12px; font-weight: bold; cursor: pointer; padding: 0px; line-height: 1;"[39m
    [33mtitle[39m=[32m"Click for help"[39m
  [36m/>[39m

  Name "Expand":
  [36m<button[39m
    [33mstyle[39m=[32m"padding: 2px 8px; font-size: 0.8rem; cursor: pointer; line-height: 1; white-space: nowrap;"[39m
    [33mtitle[39m=[32m"Toggle Full Height"[39m
  [36m/>[39m

  --------------------------------------------------

Ignored nodes: comments, script, style
[36m<body>[39m
  [36m<div>[39m
    [36m<div[39m
      [33mclass[39m=[32m"game-analysis-container"[39m
    [36m>[39m
      [36m<h3>[39m
        [0mGame Analysis[0m
      [36m</h3>[39m
      [36m<div[39m
        [33mclass[39m=[32m"analysis-controls mb-4"[39m
      [36m>[39m
        [36m<label[39m
          [33mclass[39m=[32m"block text-sm font-medium mb-1"[39m
          [33mfor[39m=[32m"depth-slider"[39m
        [36m>[39m
          [0mAnalysis Depth used for "Analyze Entire Game": [0m
          [0m8[0m
        [36m</label>[39m
        [36m<div[39m
          [33mclass[39m=[32m"flex items-center gap-4"[39m
        [36m>[39m
          [36m<input[39m
            [33mclass[39m=[32m"w-full h-2 bg-gray-200 rounded-lg appearance-none cursor-pointer"[39m
            [33mid[39m=[32m"depth-slider"[39m
            [33mmax[39m=[32m"34"[39m
            [33mmin[39m=[32m"1"[39m
            [33mtype[39m=[32m"range"[39m
            [33mvalue[39m=[32m"8"[39m
          [36m/>[39m
        [36m</div>[39m
      [36m</div>[39m
      [36m<div[39m
        [33mclass[39m=[32m"analysis-buttons"[39m
        [33mstyle[39m=[32m"display: flex; align-items: center; gap: 1rem; margin-bottom: 1rem; flex-wrap: nowrap;"[39m
      [36m>[39m
        [36m<button[39m
          [33mclass[39m=[32m"btn-primary"[39m
        [36m>[39m
          [0mAnalyze Game[0m
        [36m</button>[39m
        [36m<button>[39m
          [0mRecalibrate Ideal Engine Depth[0m
        [36m</button>[39m
        [36m<div[39m
          [33mclass[39m=[32m"help-tooltip-container"[39m
          [33mstyle[39m=[32m"display: inline-block; position: relative; margin-left: 8px; vertical-align: middle;"[39m
        [36m>[39m
          [36m<button[39m
            [33maria-label[39m=[32m"Show help"[39m
            [33mstyle[39m=[32m"background: rgb(224, 224, 224); color: rgb(85, 85, 85); border-radius: 50%; width: 18px; height: 18px; display: flex; align-items: center; justify-content: center; font-size: 12px; font-weight: bold; cursor: pointer; padding: 0px; line-height: 1;"[39m
            [33mtitle[39m=[32m"Click for help"[39m
          [36m>[39m
            [0m?[0m
          [36m</button>[39m
        [36m</div>[39m
      [36m</div>[39m
      [36m<div[39m
        [33mclass[39m=[32m"analysis-output"[39m
      [36m>[39m
        [36m<div[39m
          [33mdata-testid[39m=[32m"evaluation-graph"[39m
        [36m>[39m
          [0mGraph with [0m
          [0m0[0m
          [0m evaluations[0m
        [36m</div>[39m
        [36m<div[39m
          [33mstyle[39m=[32m"height: 1rem;"[39m
        [36m/>[39m
        [36m<div[39m
          [33mstyle[39m=[32m"display: flex; align-items: center; justify-content: space-between; margin-bottom: 0.5rem;"[39m
        [36m>[39m
          [36m<span[39m
            [33mstyle[39m=[32m"color: var(--color-text-secondary);"[39m
          [36m>[39m
            [0m0[0m
            [0m [0m
            [0minaccuracies[0m
            [0m found[0m
          [36m</span>[39m
          [36m<div[39m
            [33mstyle[39m=[32m"display: flex; align-items: center; gap: 1rem;"[39m
          [36m>[39m
            [36m<button[39m
              [33mstyle[39m=[32m"padding: 2px 8px; font-size: 0.8rem; cursor: pointer; line-height: 1; white-space: nowrap;"[39m
              [33mtitle[39m=[32m"Toggle Full Height"[39m
            [36m>[39m
              [0mExpand[0m
            [36m</button>[39m
          [36m</div>[39m
        [36m</div>[39m
        [36m<div[39m
          [33mstyle[39m=[32m"height: 300px; min-height: 150px; max-height: 80vh; overflow-y: auto; resize: vertical; border: 1px solid var(--color-border); border-radius: 4px; transition: height 0.2s ease-in-out;"[39m
        [36m>[39m
          [36m<div[39m
            [33mstyle[39m=[32m"display: flex; flex-direction: column; height: 100%;"[39m
          [36m>[39m
            [36m<div[39m
              [33mstyle[39m=[32m"padding: 16px; text-align: center; color: var(--color-text-secondary);"[39m
            [36m>[39m
              [0mNo analysis data available.[0m
            [36m</div>[39m
          [36m</div>[39m
        [36m</div>[39m
      [36m</div>[39m
    [36m</div>[39m
  [36m</div>[39m
[36m</body>[39m
 ❯ Object.getElementError node_modules/.pnpm/@testing-library+dom@10.4.1/node_modules/@testing-library/dom/dist/config.js:37:19
 ❯ node_modules/.pnpm/@testing-library+dom@10.4.1/node_modules/@testing-library/dom/dist/query-helpers.js:76:38
 ❯ node_modules/.pnpm/@testing-library+dom@10.4.1/node_modules/@testing-library/dom/dist/query-helpers.js:52:17
 ❯ getByRole node_modules/.pnpm/@testing-library+dom@10.4.1/node_modules/@testing-library/dom/dist/query-helpers.js:95:19
 ❯ src/components/ChessGame/Analysis/GameAnalysis.test.tsx:288:36
    286|       );
    287| 
    288|       const analyzeButton = screen.getByRole('button', { name: 'Analyz…
       |                                    ^
    289|       analyzeButton.click();
    290| 

⎯⎯⎯⎯⎯⎯⎯⎯⎯⎯⎯⎯⎯⎯⎯⎯⎯⎯⎯⎯⎯⎯⎯⎯[4/5]⎯

 FAIL  src/components/ChessGame/Analysis/GameAnalysis.test.tsx > GameAnalysis > Parent Synchronization > calls onAnalysisUpdate with correct absoluteMoveIndex
TestingLibraryElementError: Unable to find an accessible element with the role "button" and name "Analyze Entire Game"

Here are the accessible roles:

  heading:

  Name "Game Analysis":
  [36m<h3 />[39m

  --------------------------------------------------
  slider:

  Name "Analysis Depth used for "Analyze Entire Game": 8":
  [36m<input[39m
    [33mclass[39m=[32m"w-full h-2 bg-gray-200 rounded-lg appearance-none cursor-pointer"[39m
    [33mid[39m=[32m"depth-slider"[39m
    [33mmax[39m=[32m"34"[39m
    [33mmin[39m=[32m"1"[39m
    [33mtype[39m=[32m"range"[39m
    [33mvalue[39m=[32m"8"[39m
  [36m/>[39m

  --------------------------------------------------
  button:

  Name "Analyze Game":
  [36m<button[39m
    [33mclass[39m=[32m"btn-primary"[39m
  [36m/>[39m

  Name "Recalibrate Ideal Engine Depth":
  [36m<button />[39m

  Name "Show help":
  [36m<button[39m
    [33maria-label[39m=[32m"Show help"[39m
    [33mstyle[39m=[32m"background: rgb(224, 224, 224); color: rgb(85, 85, 85); border-radius: 50%; width: 18px; height: 18px; display: flex; align-items: center; justify-content: center; font-size: 12px; font-weight: bold; cursor: pointer; padding: 0px; line-height: 1;"[39m
    [33mtitle[39m=[32m"Click for help"[39m
  [36m/>[39m

  Name "Expand":
  [36m<button[39m
    [33mstyle[39m=[32m"padding: 2px 8px; font-size: 0.8rem; cursor: pointer; line-height: 1; white-space: nowrap;"[39m
    [33mtitle[39m=[32m"Toggle Full Height"[39m
  [36m/>[39m

  --------------------------------------------------

Ignored nodes: comments, script, style
[36m<body>[39m
  [36m<div>[39m
    [36m<div[39m
      [33mclass[39m=[32m"game-analysis-container"[39m
    [36m>[39m
      [36m<h3>[39m
        [0mGame Analysis[0m
      [36m</h3>[39m
      [36m<div[39m
        [33mclass[39m=[32m"analysis-controls mb-4"[39m
      [36m>[39m
        [36m<label[39m
          [33mclass[39m=[32m"block text-sm font-medium mb-1"[39m
          [33mfor[39m=[32m"depth-slider"[39m
        [36m>[39m
          [0mAnalysis Depth used for "Analyze Entire Game": [0m
          [0m8[0m
        [36m</label>[39m
        [36m<div[39m
          [33mclass[39m=[32m"flex items-center gap-4"[39m
        [36m>[39m
          [36m<input[39m
            [33mclass[39m=[32m"w-full h-2 bg-gray-200 rounded-lg appearance-none cursor-pointer"[39m
            [33mid[39m=[32m"depth-slider"[39m
            [33mmax[39m=[32m"34"[39m
            [33mmin[39m=[32m"1"[39m
            [33mtype[39m=[32m"range"[39m
            [33mvalue[39m=[32m"8"[39m
          [36m/>[39m
        [36m</div>[39m
      [36m</div>[39m
      [36m<div[39m
        [33mclass[39m=[32m"analysis-buttons"[39m
        [33mstyle[39m=[32m"display: flex; align-items: center; gap: 1rem; margin-bottom: 1rem; flex-wrap: nowrap;"[39m
      [36m>[39m
        [36m<button[39m
          [33mclass[39m=[32m"btn-primary"[39m
        [36m>[39m
          [0mAnalyze Game[0m
        [36m</button>[39m
        [36m<button>[39m
          [0mRecalibrate Ideal Engine Depth[0m
        [36m</button>[39m
        [36m<div[39m
          [33mclass[39m=[32m"help-tooltip-container"[39m
          [33mstyle[39m=[32m"display: inline-block; position: relative; margin-left: 8px; vertical-align: middle;"[39m
        [36m>[39m
          [36m<button[39m
            [33maria-label[39m=[32m"Show help"[39m
            [33mstyle[39m=[32m"background: rgb(224, 224, 224); color: rgb(85, 85, 85); border-radius: 50%; width: 18px; height: 18px; display: flex; align-items: center; justify-content: center; font-size: 12px; font-weight: bold; cursor: pointer; padding: 0px; line-height: 1;"[39m
            [33mtitle[39m=[32m"Click for help"[39m
          [36m>[39m
            [0m?[0m
          [36m</button>[39m
        [36m</div>[39m
      [36m</div>[39m
      [36m<div[39m
        [33mclass[39m=[32m"analysis-output"[39m
      [36m>[39m
        [36m<div[39m
          [33mdata-testid[39m=[32m"evaluation-graph"[39m
        [36m>[39m
          [0mGraph with [0m
          [0m0[0m
          [0m evaluations[0m
        [36m</div>[39m
        [36m<div[39m
          [33mstyle[39m=[32m"height: 1rem;"[39m
        [36m/>[39m
        [36m<div[39m
          [33mstyle[39m=[32m"display: flex; align-items: center; justify-content: space-between; margin-bottom: 0.5rem;"[39m
        [36m>[39m
          [36m<span[39m
            [33mstyle[39m=[32m"color: var(--color-text-secondary);"[39m
          [36m>[39m
            [0m0[0m
            [0m [0m
            [0minaccuracies[0m
            [0m found[0m
          [36m</span>[39m
          [36m<div[39m
            [33mstyle[39m=[32m"display: flex; align-items: center; gap: 1rem;"[39m
          [36m>[39m
            [36m<button[39m
              [33mstyle[39m=[32m"padding: 2px 8px; font-size: 0.8rem; cursor: pointer; line-height: 1; white-space: nowrap;"[39m
              [33mtitle[39m=[32m"Toggle Full Height"[39m
            [36m>[39m
              [0mExpand[0m
            [36m</button>[39m
          [36m</div>[39m
        [36m</div>[39m
        [36m<div[39m
          [33mstyle[39m=[32m"height: 300px; min-height: 150px; max-height: 80vh; overflow-y: auto; resize: vertical; border: 1px solid var(--color-border); border-radius: 4px; transition: height 0.2s ease-in-out;"[39m
        [36m>[39m
          [36m<div[39m
            [33mstyle[39m=[32m"display: flex; flex-direction: column; height: 100%;"[39m
          [36m>[39m
            [36m<div[39m
              [33mstyle[39m=[32m"padding: 16px; text-align: center; color: var(--color-text-secondary);"[39m
            [36m>[39m
              [0mNo analysis data available.[0m
            [36m</div>[39m
          [36m</div>[39m
        [36m</div>[39m
      [36m</div>[39m
    [36m</div>[39m
  [36m</div>[39m
[36m</body>[39m
 ❯ Object.getElementError node_modules/.pnpm/@testing-library+dom@10.4.1/node_modules/@testing-library/dom/dist/config.js:37:19
 ❯ node_modules/.pnpm/@testing-library+dom@10.4.1/node_modules/@testing-library/dom/dist/query-helpers.js:76:38
 ❯ node_modules/.pnpm/@testing-library+dom@10.4.1/node_modules/@testing-library/dom/dist/query-helpers.js:52:17
 ❯ getByRole node_modules/.pnpm/@testing-library+dom@10.4.1/node_modules/@testing-library/dom/dist/query-helpers.js:95:19
 ❯ src/components/ChessGame/Analysis/GameAnalysis.test.tsx:334:30
    332|       );
    333| 
    334|       fireEvent.click(screen.getByRole('button', { name: 'Analyze Enti…
       |                              ^
    335| 
    336|       await waitFor(() => {

⎯⎯⎯⎯⎯⎯⎯⎯⎯⎯⎯⎯⎯⎯⎯⎯⎯⎯⎯⎯⎯⎯⎯⎯[5/5]⎯


 Test Files  1 failed (1)
      Tests  5 failed | 4 passed (9)
   Start at  20:11:44
   Duration  973ms (transform 86ms, setup 57ms, collect 202ms, tests 150ms, environment 322ms, prepare 52ms)

